[정보] 대상 사업연도=2025, 보고서구분=11011(사업보고서)
[정보] 활성 종목 2760건, DART 고유번호 매핑 다운로드 중...
[정보] DART 고유번호 매핑 3991건 확인
[진행] 200/2760건 처리, 커밋 완료
[진행] 400/2760건 처리, 커밋 완료
[진행] 600/2760건 처리, 커밋 완료
[진행] 800/2760건 처리, 커밋 완료
[진행] 1000/2760건 처리, 커밋 완료
[진행] 1200/2760건 처리, 커밋 완료
[진행] 1400/2760건 처리, 커밋 완료
[진행] 1600/2760건 처리, 커밋 완료
[진행] 1800/2760건 처리, 커밋 완료
[진행] 2000/2760건 처리, 커밋 완료
[진행] 2200/2760건 처리, 커밋 완료
[진행] 2600/2760건 처리, 커밋 완료
[완료] 결과 요약:
  active_stocks: 2760
  corp_code_matched: 2646
  sector_updated: 2642
  financials_fetched: 2614
  skipped_no_corp_code: 114
  skipped_no_financials: 32
  errors: 0
